<!DOCTYPE html>
<html lang="en">
    <head>
        <meta charset="UTF-8">
        <title>var in master_b.html</title>
<!-- start include.html-->
included content
987654321"
<!-- start include_include.html-->
included * 2

<!-- end include_include.html-->

<!-- end include.html-->
    </head>
    <body>
<!-- start content -->
<main>
    my content
    var in extend_and_include.html
<!-- start main -->
<article>
    I am extend_and_include.html
<!-- start include.html-->
included content123456789
987654321"
<!-- start include_include.html-->
included * 2

<!-- end include_include.html-->

<!-- end include.html-->
</article>

<!-- end main -->
</main>

<!-- end content -->
<!-- start footer -->
<footer>
    my footer
</footer>

<!-- end footer -->
    </body>
</html>
