<!DOCTYPE html>
<html lang="en">
    <head>
        <meta charset="UTF-8">
        <title></title>
    </head>
    <body>
<!-- start content -->
<main>
    my content

    <!-- @@placeholder=main -->
</main>

<!-- end content -->
<!-- start footer -->
<footer>
    my footer
</footer>

<!-- end footer -->
    </body>
</html>
