<!DOCTYPE html>
<html lang="en">
    <head>
        <meta charset="UTF-8">
        <title></title>
included content

    </head>
    <body>
<!-- start content -->
<main>
    my content

<!-- start main -->
<article>
    article
    2
included content

</article>

<!-- end main -->
</main>

<!-- end content -->
<!-- start footer -->
<footer>
    my footer
</footer>

<!-- end footer -->
    </body>
</html>
