<!DOCTYPE html>
<html lang="en">
    <head>
        <meta charset="UTF-8">
        <title>var in master_b.html</title>
included content
included * 2


    </head>
    <body>

<main>
    my content
    var in extend_and_include.html

<article>
    article
    2
included content123456789
included * 2


</article>

</main>


<footer>
    my footer
</footer>

    </body>
</html>
