<!DOCTYPE html>
<html lang="en">
    <head>
        <meta charset="UTF-8">
        <title>var in master_b.html</title>
included content
987654321"
included * 2


    </head>
    <body>

<main>
    my content
    var-->in-->extend_and_include.html

<article>
    I am extend_and_include.html
included content123456789
987654321"
included * 2


</article>

</main>


<footer>
    my footer
</footer>

    </body>
</html>
